▿ Optional<Tree>
  ▿ some: Tree
    - root: Optional<Node>.none
